续跑：已完成 38 次调用
数据集 ['blind_l1', 'blind_v3_ddinter']，方法 3，重复 5 次
待跑 3112 次调用；并发 6
预估耗时约 121 分钟

  25/3112  已用 1 分钟  剩余约 79 分钟
  50/3112  已用 1 分钟  剩余约 71 分钟
  75/3112  已用 2 分钟  剩余约 70 分钟
  100/3112  已用 2 分钟  剩余约 68 分钟
  125/3112  已用 3 分钟  剩余约 64 分钟
  150/3112  已用 3 分钟  剩余约 64 分钟
  175/3112  已用 4 分钟  剩余约 60 分钟
  200/3112  已用 4 分钟  剩余约 61 分钟
  225/3112  已用 5 分钟  剩余约 62 分钟
  250/3112  已用 5 分钟  剩余约 61 分钟
  275/3112  已用 6 分钟  剩余约 60 分钟
  300/3112  已用 7 分钟  剩余约 61 分钟
  325/3112  已用 7 分钟  剩余约 62 分钟
  350/3112  已用 8 分钟  剩余约 62 分钟
  375/3112  已用 9 分钟  剩余约 63 分钟
  400/3112  已用 9 分钟  剩余约 63 分钟
  425/3112  已用 10 分钟  剩余约 62 分钟
  450/3112  已用 10 分钟  剩余约 62 分钟
  475/3112  已用 11 分钟  剩余约 60 分钟
  500/3112  已用 11 分钟  剩余约 58 分钟
  525/3112  已用 12 分钟  剩余约 57 分钟
  550/3112  已用 12 分钟  剩余约 56 分钟
  575/3112  已用 13 分钟  剩余约 56 分钟
  600/3112  已用 13 分钟  剩余约 55 分钟
  625/3112  已用 14 分钟  剩余约 56 分钟
  650/3112  已用 15 分钟  剩余约 55 分钟
  675/3112  已用 15 分钟  剩余约 55 分钟
  700/3112  已用 16 分钟  剩余约 55 分钟
  725/3112  已用 17 分钟  剩余约 55 分钟
  750/3112  已用 17 分钟  剩余约 54 分钟
  775/3112  已用 18 分钟  剩余约 54 分钟
  800/3112  已用 18 分钟  剩余约 53 分钟
  825/3112  已用 19 分钟  剩余约 54 分钟
  850/3112  已用 20 分钟  剩余约 53 分钟
  875/3112  已用 21 分钟  剩余约 53 分钟
  900/3112  已用 21 分钟  剩余约 52 分钟
  925/3112  已用 22 分钟  剩余约 52 分钟
  950/3112  已用 22 分钟  剩余约 51 分钟
  975/3112  已用 23 分钟  剩余约 51 分钟
  1000/3112  已用 24 分钟  剩余约 50 分钟
  1025/3112  已用 24 分钟  剩余约 49 分钟
  1050/3112  已用 25 分钟  剩余约 49 分钟
  1075/3112  已用 25 分钟  剩余约 48 分钟
  1100/3112  已用 26 分钟  剩余约 47 分钟
  1125/3112  已用 26 分钟  剩余约 46 分钟
  1150/3112  已用 27 分钟  剩余约 46 分钟
  1175/3112  已用 28 分钟  剩余约 45 分钟
  1200/3112  已用 28 分钟  剩余约 45 分钟
  1225/3112  已用 29 分钟  剩余约 44 分钟
  1250/3112  已用 29 分钟  剩余约 44 分钟
  1275/3112  已用 30 分钟  剩余约 43 分钟
  1300/3112  已用 30 分钟  剩余约 42 分钟
  1325/3112  已用 31 分钟  剩余约 41 分钟
  1350/3112  已用 31 分钟  剩余约 41 分钟
  1375/3112  已用 32 分钟  剩余约 40 分钟
  1400/3112  已用 32 分钟  剩余约 39 分钟
  1425/3112  已用 33 分钟  剩余约 39 分钟
  1450/3112  已用 33 分钟  剩余约 38 分钟
  1475/3112  已用 34 分钟  剩余约 38 分钟
  1500/3112  已用 34 分钟  剩余约 37 分钟
  1525/3112  已用 35 分钟  剩余约 36 分钟
  1550/3112  已用 36 分钟  剩余约 36 分钟
  1575/3112  已用 36 分钟  剩余约 35 分钟
  1600/3112  已用 37 分钟  剩余约 35 分钟
  1625/3112  已用 37 分钟  剩余约 34 分钟
  1650/3112  已用 38 分钟  剩余约 33 分钟
  1675/3112  已用 38 分钟  剩余约 33 分钟
  1700/3112  已用 39 分钟  剩余约 32 分钟
  1725/3112  已用 39 分钟  剩余约 32 分钟
  1750/3112  已用 40 分钟  剩余约 31 分钟
  1775/3112  已用 41 分钟  剩余约 31 分钟
  1800/3112  已用 42 分钟  剩余约 30 分钟
  1825/3112  已用 42 分钟  剩余约 30 分钟
  1850/3112  已用 43 分钟  剩余约 29 分钟
  1875/3112  已用 44 分钟  剩余约 29 分钟
  1900/3112  已用 44 分钟  剩余约 28 分钟
  1925/3112  已用 45 分钟  剩余约 28 分钟
  1950/3112  已用 46 分钟  剩余约 27 分钟
  1975/3112  已用 46 分钟  剩余约 27 分钟
  2000/3112  已用 47 分钟  剩余约 26 分钟
  2025/3112  已用 48 分钟  剩余约 26 分钟
  2050/3112  已用 48 分钟  剩余约 25 分钟
  2075/3112  已用 49 分钟  剩余约 25 分钟
  2100/3112  已用 50 分钟  剩余约 24 分钟
  2125/3112  已用 51 分钟  剩余约 24 分钟
  2150/3112  已用 52 分钟  剩余约 23 分钟
  2175/3112  已用 52 分钟  剩余约 23 分钟
  2200/3112  已用 53 分钟  剩余约 22 分钟
  2225/3112  已用 54 分钟  剩余约 22 分钟
  2250/3112  已用 55 分钟  剩余约 21 分钟
  2275/3112  已用 56 分钟  剩余约 20 分钟
  2300/3112  已用 56 分钟  剩余约 20 分钟
  2325/3112  已用 57 分钟  剩余约 19 分钟
  2350/3112  已用 57 分钟  剩余约 19 分钟
  2375/3112  已用 58 分钟  剩余约 18 分钟
  2400/3112  已用 59 分钟  剩余约 17 分钟
  2425/3112  已用 59 分钟  剩余约 17 分钟
  2450/3112  已用 60 分钟  剩余约 16 分钟
  2475/3112  已用 60 分钟  剩余约 16 分钟
  2500/3112  已用 61 分钟  剩余约 15 分钟
  2525/3112  已用 62 分钟  剩余约 14 分钟
  2550/3112  已用 62 分钟  剩余约 14 分钟
  2575/3112  已用 63 分钟  剩余约 13 分钟
  2600/3112  已用 63 分钟  剩余约 12 分钟
  2625/3112  已用 64 分钟  剩余约 12 分钟
  2650/3112  已用 64 分钟  剩余约 11 分钟
  2675/3112  已用 65 分钟  剩余约 11 分钟
  2700/3112  已用 65 分钟  剩余约 10 分钟
  2725/3112  已用 66 分钟  剩余约 9 分钟
  2750/3112  已用 66 分钟  剩余约 9 分钟
  2775/3112  已用 67 分钟  剩余约 8 分钟
  2800/3112  已用 68 分钟  剩余约 8 分钟
  2825/3112  已用 68 分钟  剩余约 7 分钟
  2850/3112  已用 68 分钟  剩余约 6 分钟
  2875/3112  已用 69 分钟  剩余约 6 分钟
  2900/3112  已用 69 分钟  剩余约 5 分钟
  2925/3112  已用 70 分钟  剩余约 4 分钟
  2950/3112  已用 70 分钟  剩余约 4 分钟
  2975/3112  已用 70 分钟  剩余约 3 分钟
  3000/3112  已用 71 分钟  剩余约 3 分钟
  3025/3112  已用 71 分钟  剩余约 2 分钟
  3050/3112  已用 71 分钟  剩余约 1 分钟
  3075/3112  已用 72 分钟  剩余约 1 分钟
  3100/3112  已用 72 分钟  剩余约 0 分钟
  3112/3112  已用 72 分钟  剩余约 0 分钟

完成 3112 次调用；总记录 3150
写出 -> C:\Users\Administrator\ZCodeProject\ophthalmic-ddi-cds\outputs\glm53_baselines\predictions.jsonl
写出 -> C:\Users\Administrator\ZCodeProject\ophthalmic-ddi-cds\outputs\glm53_baselines\metrics.json
